Command: C:\Espressif\tools\python\v6.0\venv\Scripts\python.exe C:\esp\v6.0\esp-idf\tools/idf_monitor.py -p COM4 -b 115200 --toolchain-prefix xtensa-esp32s3-elf- --target esp32s3 --revision 0 C:\Users\San\Documents\capstone\TAG\build\esp32s3_ftm_tag.elf C:\Users\San\Documents\capstone\TAG\build\bootloader\bootloader.elf --force-color -m 'C:\Espressif\tools\python\v6.0\venv\Scripts\python.exe' 'C:\esp\v6.0\esp-idf\tools\idf.py' '-p' 'COM4'
[0;32mI (105) esp_image: segment 1: paddr=0002a5ec vaddr=3fc97700 sizeESP-ROM:esp32s3-20210327[0m
Build:Mar 27 2021
rst:0x15 (USB_UART_CHIP_RESET),boot:0x8 (SPI_FAST_FLASH_BOOT)
Saved PC:0x4037b1fa
SPIWP:0xee
mode:DIO, clock div:1
load:0x3fce2820,len:0x14f0
load:0x403c8700,len:0xda0
load:0x403cb700,len:0x2f58
entry 0x403c8908
[0;32mI (24) boot: ESP-IDF v6.0 2nd stage bootloader[0m
[0;32mI (24) boot: compile time Apr  6 2026 21:52:59[0m
[0;32mI (25) boot: Multicore bootloader[0m
[0;32mI (25) boot: chip revision: v0.2[0m
[0;32mI (27) boot: efuse block revision: v1.4[0m
[0;32mI (31) boot.esp32s3: Boot SPI Speed : 80MHz[0m
[0;32mI (35) boot.esp32s3: SPI Mode       : DIO[0m
[0;32mI (39) boot.esp32s3: SPI Flash Size : 2MB[0m
[0;32mI (42) boot: Enabling RNG early entropy source...[0m
[0;32mI (47) boot: Partition Table:[0m
[0;32mI (49) boot: ## Label            Usage          Type ST Offset   Length[0m
[0;32mI (56) boot:  0 nvs              WiFi data        01 02 00009000 00006000[0m
[0;32mI (62) boot:  1 phy_init         RF data          01 01 0000f000 00001000[0m
[0;32mI (69) boot:  2 factory          factory app      00 00 00010000 00100000[0m
[0;32mI (75) boot: End of partition table[0m
[0;32mI (79) esp_image: segment 0: paddr=00010020 vaddr=3c090020 size=1a5c4h (107972) map[0m
[0;32mI (105) esp_image: segment 1: paddr=0002a5ec vaddr=3fc97700 size=05040h ( 20544) load[0m
[0;32mI (110) esp_image: segment 2: paddr=0002f634 vaddr=40374000 size=009e4h (  2532) load[0m
[0;32mI (111) esp_image: segment 3: paddr=00030020 vaddr=42000020 size=84678h (542328) map[0m
[0;32mI (214) esp_image: segment 4: paddr=000b46a0 vaddr=403749e4 size=12d04h ( 77060) load[0m
[0;32mI (231) esp_image: segment 5: paddr=000c73ac vaddr=50000000 size=00024h (    36) load[0m
[0;32mI (240) boot: Loaded app from partition at offset 0x10000[0m
[0;32mI (240) boot: Disabling RNG early entropy source...[0m
[0;32mI (250) cpu_start: Multicore app[0m
[0;32mI (259) cpu_start: GPIO 44 and 43 are used as console UART I/O pins[0m
[0;32mI (260) cpu_start: Pro cpu start user code[0m
[0;32mI (260) cpu_start: cpu freq: 160000000 Hz[0m
[0;32mI (261) app_init: Application information:[0m
[0;32mI (265) app_init: Project name:     esp32s3_ftm_tag[0m
[0;32mI (270) app_init: App version:      1[0m
[0;32mI (273) app_init: Compile time:     Apr  6 2026 21:52:28[0m
[0;32mI (278) app_init: ELF file SHA256:  5729f2c84...[0m
[0;32mI (282) app_init: ESP-IDF:          v6.0[0m
[0;32mI (286) efuse_init: Min chip rev:     v0.0[0m
[0;32mI (290) efuse_init: Max chip rev:     v0.99 [0m
[0;32mI (294) efuse_init: Chip rev:         v0.2[0m
[0;32mI (298) heap_init: Initializing. RAM available for dynamic allocation:[0m
[0;32mI (304) heap_init: At 3FCA0520 len 000491F0 (292 KiB): RAM[0m
[0;32mI (309) heap_init: At 3FCE9710 len 00005724 (21 KiB): RAM[0m
[0;32mI (314) heap_init: At 3FCF0000 len 00008000 (32 KiB): DRAM[0m
[0;32mI (319) heap_init: At 600FE000 len 00001FE8 (7 KiB): RTCRAM[0m
[0;32mI (326) spi_flash: detected chip: generic[0m
[0;32mI (328) spi_flash: flash io: dio[0m
[0;33mW (331) spi_flash: Detected size(4096k) larger than the size in the binary image header(2048k). Using the size in the binary image header.[0m
[0;32mI (344) sleep_gpio: Configure to isolate all GPIO pins in sleep state[0m
[0;32mI (350) sleep_gpio: Enable automatic switching of GPIO sleep configuration[0m
[0;32mI (357) main_task: Started on CPU0[0m
[0;32mI (367) main_task: Calling app_main()[0m
[0;32mI (367) FTM_TAG: =============================================[0m
[0;32mI (367) FTM_TAG:   FTM Tag  ID: TOF_TAG-1[0m
[0;32mI (377) FTM_TAG:   SSID   : TOF_TAG-1[0m
[0;32mI (377) FTM_TAG:   Channel: 6[0m
[0;32mI (377) FTM_TAG:   BSSID  : 9c:13:9e:f4:00:e1[0m
[0;32mI (387) FTM_TAG:   Auth   : OPEN (FTM responder only)[0m
[0;32mI (387) FTM_TAG: =============================================[0m
[0;32mI (417) pp: pp rom version: e7ae62f[0m
[0;32mI (417) net80211: net80211 rom version: e7ae62f[0m
[0;32mI (427) wifi:wifi driver task: 3fceec54, prio:23, stack:6656, core=0[0m
[0;32mI (437) wifi:wifi firmware version: 44738b4[0m
[0;32mI (437) wifi:wifi certification version: v7.0[0m
[0;32mI (437) wifi:config NVS flash: enabled[0m
[0;32mI (437) wifi:config nano formatting: disabled[0m
[0;32mI (447) wifi:Init data frame dynamic rx buffer num: 32[0m
[0;32mI (447) wifi:Init static rx mgmt buffer num: 5[0m
[0;32mI (447) wifi:Init management short buffer num: 32[0m
[0;32mI (457) wifi:Init dynamic tx buffer num: 32[0m
[0;32mI (457) wifi:Init static tx FG buffer num: 2[0m
[0;32mI (467) wifi:Init static rx buffer size: 1600[0m
[0;32mI (467) wifi:Init static rx buffer num: 10[0m
[0;32mI (467) wifi:Init dynamic rx buffer num: 32[0m
[0;32mI (477) wifi_init: rx ba win: 6[0m
[0;32mI (477) wifi_init: accept mbox: 6[0m
[0;32mI (477) wifi_init: tcpip mbox: 32[0m
[0;32mI (487) wifi_init: udp mbox: 6[0m
[0;32mI (487) wifi_init: tcp mbox: 6[0m
[0;32mI (487) wifi_init: tcp tx win: 5760[0m
[0;32mI (497) wifi_init: tcp rx win: 5760[0m
[0;32mI (497) wifi_init: tcp mss: 1440[0m
[0;32mI (497) wifi_init: WiFi IRAM OP enabled[0m
[0;32mI (507) wifi_init: WiFi RX IRAM OP enabled[0m
[0;32mI (517) phy_init: phy_version 711,97bcf0a2,Aug 25 2025,19:04:10[0m
[0;32mI (557) phy_init: Saving new calibration data due to checksum failure or outdated calibration data, mode(0)[0m
[0;32mI (597) wifi:mode : softAP (9c:13:9e:f4:00:e1)[0m
[0;32mI (597) wifi:Total power save buffer number: 16[0m
[0;32mI (597) wifi:Init max length of beacon: 752/752[0m
[0;32mI (597) wifi:Init max length of beacon: 752/752[0m
[0;32mI (607) FTM_TAG: Tag running — waiting for FTM sessions from anchor nodes[0m
[0;32mI (607) esp_netif_lwip: DHCP server started on interface WIFI_AP_DEF with IP: 192.168.4.1[0m
[0;32mI (617) FTM_TAG: SoftAP started — broadcasting SSID: TOF_TAG-1  ch: 6[0m
